Assets/Map/Routes/Route1/images\bushTree0.png;-7;5;79;70;0
Assets/Map/Routes/Route1/images\bushTree0.png;271;-4;79;70;0
Assets/Map/Routes/Route1/images\bushTree0.png;216;23;79;70;0
Assets/Map/Routes/Route1/images\pineTree0.png;257;31;110;110;0
Assets/Map/Routes/Route1/images\pineTreeFoot.png;290;124;44;35;1
Assets/Map/Routes/Route1/images\tree0.png;298;112;96;80;0
Assets/Map/Routes/Route1/images\treeFoot.png;326;185;41;23;1
Assets/Map/Routes/Route1/images\bushTreeFoot.png;230;92;50;19;1
Assets/Map/Routes/Route1/images\pineTree0.png;33;-1;110;110;0
Assets/Map/Routes/Route1/images\pineTree0.png;-27;41;110;110;0
Assets/Map/Routes/Route1/images\tree0.png;156;2;96;80;0
Assets/Map/Routes/Route1/images\pineTree0.png;90;15;110;110;0
Assets/Map/Routes/Route1/images\pineTreeFoot.png;6;134;44;35;1
Assets/Map/Routes/Route1/images\bushTree0.png;49;78;79;70;0
Assets/Map/Routes/Route1/images\bushTreeFoot.png;63;147;50;19;1
Assets/Map/Routes/Route1/images\pineTree0.png;-16;105;110;110;0
Assets/Map/Routes/Route1/images\pineTreeFoot.png;17;197;44;35;1
Assets/Map/Routes/Route1/images\tree0.png;-30;198;96;80;0
Assets/Map/Routes/Route1/images\treeFoot.png;-1;271;41;23;1
Assets/Map/Routes/Route1/images\pineTree0.png;543;0;110;110;0
Assets/Map/Routes/Route1/images\pineTreeFoot.png;576;92;44;35;1
Assets/Map/Routes/Route1/images\tree0.png;498;111;96;80;0
Assets/Map/Routes/Route1/images\treeFoot.png;526;185;41;23;1
Assets/Map/Routes/Route1/images\bushTree0.png;592;91;79;70;0
Assets/Map/Routes/Route1/images\bushTreeFoot.png;607;160;50;19;1
Assets/Map/Routes/Route1/images\bushTree0.png;633;-5;79;70;0
Assets/Map/Routes/Route1/images\pineTreeFoot.png;678;99;44;35;1
Assets/Map/Routes/Route1/images\tree0.png;691;1;96;80;0
Assets/Map/Routes/Route1/images\treeFoot.png;719;75;41;23;1
Assets/Map/Routes/Route1/images\bushTreeFoot.png;648;64;50;19;1
Assets/Map/Routes/Route1/images\pineTree0.png;645;6;110;110;0
Assets/Map/Routes/Route1/images\bush.png;732;101;56;43;1
Assets/Map/Routes/Route1/images\pineTreeFoot.png;785;89;44;35;1
Assets/Map/Routes/Route1/images\pineTreeFoot.png;767;175;44;35;1
Assets/Map/Routes/Route1/images\bushTreeFoot.png;837;127;50;19;1
Assets/Map/Routes/Route1/images\tree0.png;822;-5;96;80;0
Assets/Map/Routes/Route1/images\pineTree0.png;752;-4;110;110;0
Assets/Map/Routes/Route1/images\pineTree0.png;734;83;110;110;0
Assets/Map/Routes/Route1/images\treeFoot.png;850;69;41;23;1
Assets/Map/Routes/Route1/images\bushTree0.png;822;60;79;70;0
Assets/Map/Routes/Route1/images\pineTree0.png;927;1;110;110;0
Assets/Map/Routes/Route1/images\pineTree0.png;882;26;110;110;0
Assets/Map/Routes/Route1/images\pineTreeFoot.png;915;119;44;35;1
Assets/Map/Routes/Route1/images\tree0.png;924;85;96;80;0
Assets/Map/Routes/Route1/images\treeFoot.png;952;159;41;23;1
Assets/Map/Routes/Route1/images\bushTree0.png;928;167;79;70;0
Assets/Map/Routes/Route1/images\bushTreeFoot.png;943;234;50;19;1
Assets/Map/Routes/Route1/images\bushTree0.png;897;225;79;70;0
Assets/Map/Routes/Route1/images\bushTreeFoot.png;911;293;50;19;1
Assets/Map/Routes/Route1/images\pineTree0.png;915;255;110;110;0
Assets/Map/Routes/Route1/images\pineTreeFoot.png;948;347;44;35;1
Assets/Map/Routes/Route1/images\pineTree0.png;892;345;110;110;0
Assets/Map/Routes/Route1/images\pineTreeFoot.png;925;438;44;35;1
Assets/Map/Routes/Route1/images\tree0.png;923;441;96;80;0
Assets/Map/Routes/Route1/images\treeFoot.png;951;515;41;23;1
Assets/Map/Routes/Route1/images\bushTree0.png;871;440;79;70;0
Assets/Map/Routes/Route1/images\bushTreeFoot.png;886;509;50;19;1
Assets/Map/Routes/Route1/images\pineTree0.png;889;485;110;110;0
Assets/Map/Routes/Route1/images\pineTreeFoot.png;922;577;44;35;1
Assets/Map/Routes/Route1/images\pineTree0.png;924;562;110;110;0
Assets/Map/Routes/Route1/images\pineTreeFoot.png;957;655;44;35;1
Assets/Map/Routes/Route1/images\bushTree0.png;861;556;79;70;0
Assets/Map/Routes/Route1/images\bushTreeFoot.png;876;625;50;19;1
Assets/Map/Routes/Route1/images\tree0.png;863;619;96;80;0
Assets/Map/Routes/Route1/images\treeFoot.png;891;692;41;23;1
Assets/Map/Routes/Route1/images\pineTree0.png;909;649;110;110;0
Assets/Map/Routes/Route1/images\pineTreeFoot.png;942;742;44;35;1
Assets/Map/Routes/Route1/images\tree0.png;899;770;96;80;0
Assets/Map/Routes/Route1/images\treeFoot.png;927;843;41;23;1
Assets/Map/Routes/Route1/images\pineTree0.png;951;804;110;110;0
Assets/Map/Routes/Route1/images\pineTree0.png;954;861;110;110;0
Assets/Map/Routes/Route1/images\bushTree0.png;898;832;79;70;0
Assets/Map/Routes/Route1/images\bushTree0.png;901;878;79;70;0
Assets/Map/Routes/Route1/images\bushTree0.png;899;925;79;70;0
Assets/Map/Routes/Route1/images\tree0.png;926;946;96;80;0
Assets/Map/Routes/Route1/images\treeFoot.png;954;1020;41;23;1
Assets/Map/Routes/Route1/images\pineTreeFoot.png;956;1098;44;35;1
Assets/Map/Routes/Route1/images\tree0.png;871;986;96;80;0
Assets/Map/Routes/Route1/images\treeFoot.png;899;1060;41;23;1
Assets/Map/Routes/Route1/images\pineTree0.png;923;1006;110;110;0
Assets/Map/Routes/Route1/images\tree0.png;867;1084;96;80;0
Assets/Map/Routes/Route1/images\treeFoot.png;895;1158;41;23;1
Assets/Map/Routes/Route1/images\bushTree0.png;928;1117;79;70;0
Assets/Map/Routes/Route1/images\bushTreeFoot.png;942;1185;50;19;1
Assets/Map/Routes/Route1/images\bushTree0.png;878;1151;79;70;0
Assets/Map/Routes/Route1/images\bushTreeFoot.png;892;1220;50;19;1
Assets/Map/Routes/Route1/images\bushTree0.png;927;1183;79;70;0
Assets/Map/Routes/Route1/images\bushTreeFoot.png;943;1250;50;19;1
Assets/Map/Routes/Route1/images\pineTree0.png;864;1184;110;110;0
Assets/Map/Routes/Route1/images\pineTreeFoot.png;897;1276;44;35;1
Assets/Map/Routes/Route1/images\bushTree0.png;925;1257;79;70;0
Assets/Map/Routes/Route1/images\bushTreeFoot.png;941;1326;50;19;1
Assets/Map/Routes/Route1/images\pineTree0.png;858;1284;110;110;0
Assets/Map/Routes/Route1/images\pineTreeFoot.png;891;1376;44;35;1
Assets/Map/Routes/Route1/images\tree0.png;912;1326;96;80;0
Assets/Map/Routes/Route1/images\treeFoot.png;940;1400;41;23;1
Assets/Map/Routes/Route1/images\bushTree0.png;913;1396;79;70;0
Assets/Map/Routes/Route1/images\bushTreeFoot.png;928;1463;50;19;1
Assets/Map/Routes/Route1/images\bushTree0.png;918;1449;79;70;0
Assets/Map/Routes/Route1/images\tree0.png;838;1404;96;80;0
Assets/Map/Routes/Route1/images\treeFoot.png;866;1478;41;23;1
Assets/Map/Routes/Route1/images\tree0.png;854;1471;96;80;0
Assets/Map/Routes/Route1/images\pineTree0.png;914;1482;110;110;0
Assets/Map/Routes/Route1/images\pineTree0.png;848;1510;110;110;0
Assets/Map/Routes/Route1/images\bushTree0.png;927;1557;79;70;0
Assets/Map/Routes/Route1/images\bushTree0.png;859;1577;79;70;0
Assets/Map/Routes/Route1/images\bushTree0.png;925;1596;79;70;0
Assets/Map/Routes/Route1/images\tree0.png;783;1514;96;80;0
Assets/Map/Routes/Route1/images\tree0.png;709;1571;96;80;0
Assets/Map/Routes/Route1/images\pineTree0.png;775;1555;110;110;0
Assets/Map/Routes/Route1/images\pineTree0.png;637;1573;110;110;0
Assets/Map/Routes/Route1/images\tree0.png;593;1518;96;80;0
Assets/Map/Routes/Route1/images\treeFoot.png;621;1592;41;23;1
Assets/Map/Routes/Route1/images\bushTree0.png;579;1583;79;70;0
Assets/Map/Routes/Route1/images\treeFoot.png;363;1607;41;23;1
Assets/Map/Routes/Route1/images\tree0.png;335;1533;96;80;0
Assets/Map/Routes/Route1/images\treeFoot.png;272;1607;41;23;1
Assets/Map/Routes/Route1/images\tree0.png;244;1533;96;80;0
Assets/Map/Routes/Route1/images\pineTree0.png;283;1558;110;110;0
Assets/Map/Routes/Route1/images\pineTree0.png;143;1509;110;110;0
Assets/Map/Routes/Route1/images\pineTreeFoot.png;176;1602;44;35;1
Assets/Map/Routes/Route1/images\bushTree0.png;204;1578;79;70;0
Assets/Map/Routes/Route1/images\pineTree0.png;-9;232;110;110;0
Assets/Map/Routes/Route1/images\pineTreeFoot.png;24;325;44;35;1
Assets/Map/Routes/Route1/images\pineTree0.png;-32;328;110;110;0
Assets/Map/Routes/Route1/images\pineTreeFoot.png;1;421;44;35;1
Assets/Map/Routes/Route1/images\bushTree0.png;24;411;79;70;0
Assets/Map/Routes/Route1/images\bushTree0.png;-28;441;79;70;0
Assets/Map/Routes/Route1/images\pineTree0.png;10;449;110;110;0
Assets/Map/Routes/Route1/images\pineTreeFoot.png;43;541;44;35;1
Assets/Map/Routes/Route1/images\bushTreeFoot.png;-13;510;50;19;1
Assets/Map/Routes/Route1/images\tree0.png;-2;546;96;80;0
Assets/Map/Routes/Route1/images\treeFoot.png;26;619;41;23;1
Assets/Map/Routes/Route1/images\bushTree0.png;-25;606;79;70;0
Assets/Map/Routes/Route1/images\bushTree0.png;-18;654;79;70;0
Assets/Map/Routes/Route1/images\pineTree0.png;10;651;110;110;0
Assets/Map/Routes/Route1/images\tree0.png;-15;696;96;80;0
Assets/Map/Routes/Route1/images\treeFoot.png;13;769;41;23;1
Assets/Map/Routes/Route1/images\pineTreeFoot.png;43;743;44;35;1
Assets/Map/Routes/Route1/images\pineTree0.png;18;757;110;110;0
Assets/Map/Routes/Route1/images\pineTreeFoot.png;51;848;44;35;1
Assets/Map/Routes/Route1/images\pineTree0.png;-27;823;110;110;0
Assets/Map/Routes/Route1/images\pineTreeFoot.png;6;915;44;35;1
Assets/Map/Routes/Route1/images\bushTree0.png;11;934;79;70;0
Assets/Map/Routes/Route1/images\bushTreeFoot.png;26;1002;50;19;1
Assets/Map/Routes/Route1/images\tree0.png;-20;1003;96;80;0
Assets/Map/Routes/Route1/images\treeFoot.png;8;1077;41;23;1
Assets/Map/Routes/Route1/images\pineTree0.png;25;1035;110;110;0
Assets/Map/Routes/Route1/images\pineTreeFoot.png;58;1128;44;35;1
Assets/Map/Routes/Route1/images\pineTree0.png;-27;1088;110;110;0
Assets/Map/Routes/Route1/images\pineTreeFoot.png;6;1180;44;35;1
Assets/Map/Routes/Route1/images\bushTree0.png;-12;1186;79;70;0
Assets/Map/Routes/Route1/images\bushTree0.png;55;1145;79;70;0
Assets/Map/Routes/Route1/images\bushTreeFoot.png;70;1213;50;19;1
Assets/Map/Routes/Route1/images\bushTree0.png;-8;1233;79;70;0
Assets/Map/Routes/Route1/images\bushTreeFoot.png;5;1301;50;19;1
Assets/Map/Routes/Route1/images\pineTreeFoot.png;50;1350;44;35;1
Assets/Map/Routes/Route1/images\treeFoot.png;14;1421;41;23;1
Assets/Map/Routes/Route1/images\pineTreeFoot.png;13;1499;44;35;1
Assets/Map/Routes/Route1/images\pineTree0.png;-40;1517;110;110;0
Assets/Map/Routes/Route1/images\bigTreeFoot.png;428;830;98;54;1
Assets/Map/Routes/Route1/images\bigTree0.png;381;681;191;150;0
Assets/Map/Routes/Route1/images\bushTree0.png;288;580;79;70;0
Assets/Map/Routes/Route1/images\bushTree0.png;311;507;79;70;0
Assets/Map/Routes/Route1/images\bushTreeFoot.png;327;576;50;19;1
Assets/Map/Routes/Route1/images\bushTreeFoot.png;301;649;50;19;1
Assets/Map/Routes/Route1/images\pineTreeFoot.png;379;646;44;35;1
Assets/Map/Routes/Route1/images\pineTreeFoot.png;431;658;44;35;1
Assets/Map/Routes/Route1/images\bushTree0.png;467;564;79;70;0
Assets/Map/Routes/Route1/images\bushTreeFoot.png;482;633;50;19;1
Assets/Map/Routes/Route1/images\pineTree0.png;346;554;110;110;0
Assets/Map/Routes/Route1/images\pineTree0.png;398;565;110;110;0
Assets/Map/Routes/Route1/images\bush.png;676;818;56;43;1
Assets/Map/Routes/Route1/images\bush.png;296;653;56;43;1
Assets/Map/Routes/Route1/images\bush.png;870;134;56;43;1
Assets/Map/Routes/Route1/images\bushTree0.png;135;1123;79;70;0
Assets/Map/Routes/Route1/images\bushTree0.png;200;1144;79;70;0
Assets/Map/Routes/Route1/images\tree0.png;301;1116;96;80;0
Assets/Map/Routes/Route1/images\pineTree0.png;241;1137;110;110;0
Assets/Map/Routes/Route1/images\bushTree0.png;427;1109;79;70;0
Assets/Map/Routes/Route1/images\bushTree0.png;370;1135;79;70;0
Assets/Map/Routes/Route1/images\bushTree0.png;135;1170;79;70;0
Assets/Map/Routes/Route1/images\pineTree0.png;183;1167;110;110;0
Assets/Map/Routes/Route1/images\pineTreeFoot.png;216;1260;44;35;1
Assets/Map/Routes/Route1/images\tree0.png;125;1205;96;80;0
Assets/Map/Routes/Route1/images\treeFoot.png;153;1279;41;23;1
Assets/Map/Routes/Route1/images\treeFoot.png;291;1277;41;23;1
Assets/Map/Routes/Route1/images\pineTreeFoot.png;450;1232;44;35;1
Assets/Map/Routes/Route1/images\bushTree0.png;313;1174;79;70;0
Assets/Map/Routes/Route1/images\bushTreeFoot.png;330;1243;50;19;1
Assets/Map/Routes/Route1/images\tree0.png;263;1203;96;80;0
Assets/Map/Routes/Route1/images\pineTree0.png;417;1139;110;110;0
Assets/Map/Routes/Route1/images\pineTree0.png;355;1172;110;110;0
Assets/Map/Routes/Route1/images\pineTreeFoot.png;388;1265;44;35;1
Assets/Map/Routes/Route1/images\bushTree0.png;64;1215;79;70;0
Assets/Map/Routes/Route1/images\bushTreeFoot.png;78;1283;50;19;1
Assets/Map/Routes/Route1/images\pineTree0.png;17;1257;110;110;0
Assets/Map/Routes/Route1/images\tree0.png;-14;1347;96;80;0
Assets/Map/Routes/Route1/images\pineTree0.png;-20;1406;110;110;0
Assets/Map/Routes/Route1/images\pineTree0.png;33;1461;110;110;0
Assets/Map/Routes/Route1/images\tree0.png;42;1533;96;80;0
Assets/Map/Routes/Route1/images\tree0.png;-11;1576;96;80;0
Assets/Map/Routes/Route1/images\pineTree0.png;87;1556;110;110;0
Assets/Map/Routes/Route1/images\pineTree0.png;43;1582;110;110;0
Assets/Map/Routes/Route1/images\pineTreeFoot.png;407;1017;44;35;1
Assets/Map/Routes/Route1/images\bushTree0.png;505;934;79;70;0
Assets/Map/Routes/Route1/images\bushTreeFoot.png;520;1003;50;19;1
Assets/Map/Routes/Route1/images\treeFoot.png;667;167;41;23;1
Assets/Map/Routes/Route1/images\tree0.png;639;93;96;80;0
Assets/Map/Routes/Route1/images\bigTreeFoot.png;145;225;98;54;1
Assets/Map/Routes/Route1/images\bigTree0.png;98;75;191;150;0
Assets/Map/Routes/Route1/images\treeFoot.png;185;75;41;23;1
Assets/Map/Routes/Route1/images\bush.png;517;1010;56;43;1
Assets/Map/Routes/Route1/images\treeFoot.png;464;1031;41;23;1
Assets/Map/Routes/Route1/images\pineTree0.png;374;924;110;110;0
Assets/Map/Routes/Route1/images\tree0.png;436;957;96;80;0
Assets/Map/Routes/Route1/images\greenGrass.png;416;1600;32;32;1
Assets/Map/Routes/Route1/images\greenGrass.png;416;1568;32;32;1
Assets/Map/Routes/Route1/images\greenGrass.png;416;1536;32;32;1
Assets/Map/Routes/Route1/images\greenGrass.png;416;1504;32;32;1
Assets/Map/Routes/Route1/images\greenGrass.png;448;1504;32;32;1
Assets/Map/Routes/Route1/images\darkgreenGrass.png;448;1536;32;32;1
Assets/Map/Routes/Route1/images\greenGrass.png;448;1568;32;32;1
Assets/Map/Routes/Route1/images\darkgreenGrass.png;448;1600;32;32;1
Assets/Map/Routes/Route1/images\greenGrass.png;480;1600;32;32;1
Assets/Map/Routes/Route1/images\greenGrass.png;480;1568;32;32;1
Assets/Map/Routes/Route1/images\greenGrass.png;512;1568;32;32;1
Assets/Map/Routes/Route1/images\darkgreenGrass.png;544;1600;32;32;1
Assets/Map/Routes/Route1/images\darkgreenGrass.png;544;1568;32;32;1
Assets/Map/Routes/Route1/images\greenGrass.png;576;1600;32;32;1
Assets/Map/Routes/Route1/images\greenGrass.png;576;1568;32;32;1
Assets/Map/Routes/Route1/images\darkgreenGrass.png;576;1536;32;32;1
Assets/Map/Routes/Route1/images\darkgreenGrass.png;480;1536;32;32;1
Assets/Map/Routes/Route1/images\darkgreenGrass.png;512;1600;32;32;1
Assets/Map/Routes/Route1/images\greenGrass.png;512;1536;32;32;1
Assets/Map/Routes/Route1/images\darkgreenGrass.png;544;1536;32;32;1
Assets/Map/Routes/Route1/images\greenGrass.png;576;1504;32;32;1
Assets/Map/Routes/Route1/images\greenGrass.png;544;1504;32;32;1
Assets/Map/Routes/Route1/images\darkgreenGrass.png;512;1504;32;32;1
Assets/Map/Routes/Route1/images\darkgreenGrass.png;480;1504;32;32;1
Assets/Map/Routes/Route1/images\greenGrass.png;640;1440;32;32;1
Assets/Map/Routes/Route1/images\greenGrass.png;640;1472;32;32;1
Assets/Map/Routes/Route1/images\greenGrass.png;640;1504;32;32;1
Assets/Map/Routes/Route1/images\greenGrass.png;672;1504;32;32;1
Assets/Map/Routes/Route1/images\darkgreenGrass.png;672;1472;32;32;1
Assets/Map/Routes/Route1/images\darkgreenGrass.png;704;1504;32;32;1
Assets/Map/Routes/Route1/images\greenGrass.png;672;1440;32;32;1
Assets/Map/Routes/Route1/images\greenGrass.png;832;1472;32;32;1
Assets/Map/Routes/Route1/images\darkgreenGrass.png;832;1504;32;32;1
Assets/Map/Routes/Route1/images\darkgreenGrass.png;832;1440;32;32;1
Assets/Map/Routes/Route1/images\greenGrass.png;800;1440;32;32;1
Assets/Map/Routes/Route1/images\greenGrass.png;800;1408;32;32;1
Assets/Map/Routes/Route1/images\darkgreenGrass.png;768;1408;32;32;1
Assets/Map/Routes/Route1/images\darkgreenGrass.png;704;1408;32;32;1
Assets/Map/Routes/Route1/images\darkgreenGrass.png;704;1376;32;32;1
Assets/Map/Routes/Route1/images\greenGrass.png;736;1376;32;32;1
Assets/Map/Routes/Route1/images\greenGrass.png;768;1376;32;32;1
Assets/Map/Routes/Route1/images\greenGrass.png;800;1376;32;32;1
Assets/Map/Routes/Route1/images\greenGrass.png;832;1376;32;32;1
Assets/Map/Routes/Route1/images\greenGrass.png;864;1376;32;32;1
Assets/Map/Routes/Route1/images\darkgreenGrass.png;832;1408;32;32;1
Assets/Map/Routes/Route1/images\darkgreenGrass.png;736;1536;32;32;1
Assets/Map/Routes/Route1/images\greenGrass.png;704;1536;32;32;1
Assets/Map/Routes/Route1/images\darkgreenGrass.png;672;1536;32;32;1
Assets/Map/Routes/Route1/images\greenGrass.png;672;1408;32;32;1
Assets/Map/Routes/Route1/images\darkgreenGrass.png;640;1408;32;32;1
Assets/Map/Routes/Route1/images\darkgreenGrass.png;640;1376;32;32;1
Assets/Map/Routes/Route1/images\greenGrass.png;672;1376;32;32;1
Assets/Map/Routes/Route1/images\greenGrass.png;384;1440;32;32;1
Assets/Map/Routes/Route1/images\darkgreenGrass.png;384;1408;32;32;1
Assets/Map/Routes/Route1/images\darkgreenGrass.png;384;1376;32;32;1
Assets/Map/Routes/Route1/images\greenGrass.png;352;1376;32;32;1
Assets/Map/Routes/Route1/images\greenGrass.png;320;1376;32;32;1
Assets/Map/Routes/Route1/images\darkgreenGrass.png;320;1408;32;32;1
Assets/Map/Routes/Route1/images\greenGrass.png;352;1408;32;32;1
Assets/Map/Routes/Route1/images\darkgreenGrass.png;352;1440;32;32;1
Assets/Map/Routes/Route1/images\darkgreenGrass.png;320;1440;32;32;1
Assets/Map/Routes/Route1/images\greenGrass.png;320;1472;32;32;1
Assets/Map/Routes/Route1/images\greenGrass.png;288;1440;32;32;1
Assets/Map/Routes/Route1/images\darkgreenGrass.png;288;1408;32;32;1
Assets/Map/Routes/Route1/images\darkgreenGrass.png;288;1376;32;32;1
Assets/Map/Routes/Route1/images\darkgreenGrass.png;320;1504;32;32;1
Assets/Map/Routes/Route1/images\greenGrass.png;256;1504;32;32;1
Assets/Map/Routes/Route1/images\darkgreenGrass.png;192;1472;32;32;1
Assets/Map/Routes/Route1/images\darkgreenGrass.png;192;1440;32;32;1
Assets/Map/Routes/Route1/images\greenGrass.png;224;1408;32;32;1
Assets/Map/Routes/Route1/images\greenGrass.png;160;1408;32;32;1
Assets/Map/Routes/Route1/images\greenGrass.png;96;1440;32;32;1
Assets/Map/Routes/Route1/images\darkgreenGrass.png;128;1472;32;32;1
Assets/Map/Routes/Route1/images\darkgreenGrass.png;128;1376;32;32;1
Assets/Map/Routes/Route1/images\darkgreenGrass.png;160;1376;32;32;1
Assets/Map/Routes/Route1/images\greenGrass.png;192;1376;32;32;1
Assets/Map/Routes/Route1/images\greenGrass.png;224;1376;32;32;1
Assets/Map/Routes/Route1/images\darkgreenGrass.png;192;1408;32;32;1
Assets/Map/Routes/Route1/images\darkgreenGrass.png;224;1344;32;32;1
Assets/Map/Routes/Route1/images\greenGrass.png;192;1344;32;32;1
Assets/Map/Routes/Route1/images\darkgreenGrass.png;160;1344;32;32;1
Assets/Map/Routes/Route1/images\darkgreenGrass.png;128;1344;32;32;1
Assets/Map/Routes/Route1/images\darkgreenGrass.png;96;1344;32;32;1
Assets/Map/Routes/Route1/images\greenGrass.png;96;1312;32;32;1
Assets/Map/Routes/Route1/images\greenGrass.png;512;1248;32;32;1
Assets/Map/Routes/Route1/images\greenGrass.png;544;1248;32;32;1
Assets/Map/Routes/Route1/images\darkgreenGrass.png;576;1248;32;32;1
Assets/Map/Routes/Route1/images\greenGrass.png;608;1248;32;32;1
Assets/Map/Routes/Route1/images\darkgreenGrass.png;640;1248;32;32;1
Assets/Map/Routes/Route1/images\darkgreenGrass.png;672;1248;32;32;1
Assets/Map/Routes/Route1/images\darkgreenGrass.png;704;1248;32;32;1
Assets/Map/Routes/Route1/images\greenGrass.png;736;1248;32;32;1
Assets/Map/Routes/Route1/images\greenGrass.png;768;1248;32;32;1
Assets/Map/Routes/Route1/images\greenGrass.png;768;1216;32;32;1
Assets/Map/Routes/Route1/images\darkgreenGrass.png;768;1184;32;32;1
Assets/Map/Routes/Route1/images\darkgreenGrass.png;768;1152;32;32;1
Assets/Map/Routes/Route1/images\greenGrass.png;768;1120;32;32;1
Assets/Map/Routes/Route1/images\greenGrass.png;736;1120;32;32;1
Assets/Map/Routes/Route1/images\darkgreenGrass.png;736;1088;32;32;1
Assets/Map/Routes/Route1/images\darkgreenGrass.png;736;1152;32;32;1
Assets/Map/Routes/Route1/images\darkgreenGrass.png;736;1184;32;32;1
Assets/Map/Routes/Route1/images\greenGrass.png;736;1216;32;32;1
Assets/Map/Routes/Route1/images\greenGrass.png;704;1216;32;32;1
Assets/Map/Routes/Route1/images\darkgreenGrass.png;704;1184;32;32;1
Assets/Map/Routes/Route1/images\greenGrass.png;704;1120;32;32;1
Assets/Map/Routes/Route1/images\darkgreenGrass.png;704;1152;32;32;1
Assets/Map/Routes/Route1/images\greenGrass.png;672;1152;32;32;1
Assets/Map/Routes/Route1/images\greenGrass.png;672;1184;32;32;1
Assets/Map/Routes/Route1/images\darkgreenGrass.png;672;1216;32;32;1
Assets/Map/Routes/Route1/images\darkgreenGrass.png;640;1184;32;32;1
Assets/Map/Routes/Route1/images\greenGrass.png;640;1152;32;32;1
Assets/Map/Routes/Route1/images\darkgreenGrass.png;672;1120;32;32;1
Assets/Map/Routes/Route1/images\darkgreenGrass.png;512;1216;32;32;1
Assets/Map/Routes/Route1/images\darkgreenGrass.png;512;1184;32;32;1
Assets/Map/Routes/Route1/images\greenGrass.png;544;1184;32;32;1
Assets/Map/Routes/Route1/images\greenGrass.png;512;1152;32;32;1
Assets/Map/Routes/Route1/images\darkgreenGrass.png;544;1152;32;32;1
Assets/Map/Routes/Route1/images\greenGrass.png;576;1152;32;32;1
Assets/Map/Routes/Route1/images\darkgreenGrass.png;608;1152;32;32;1
Assets/Map/Routes/Route1/images\darkgreenGrass.png;640;1120;32;32;1
Assets/Map/Routes/Route1/images\greenGrass.png;608;1120;32;32;1
Assets/Map/Routes/Route1/images\greenGrass.png;576;1120;32;32;1
Assets/Map/Routes/Route1/images\greenGrass.png;544;1120;32;32;1
Assets/Map/Routes/Route1/images\greenGrass.png;512;1120;32;32;1
Assets/Map/Routes/Route1/images\greenGrass.png;608;1088;32;32;1
Assets/Map/Routes/Route1/images\darkgreenGrass.png;576;1088;32;32;1
Assets/Map/Routes/Route1/images\darkgreenGrass.png;544;1088;32;32;1
Assets/Map/Routes/Route1/images\darkgreenGrass.png;672;1088;32;32;1
Assets/Map/Routes/Route1/images\greenGrass.png;704;1088;32;32;1
Assets/Map/Routes/Route1/images\greenGrass.png;736;608;32;32;1
Assets/Map/Routes/Route1/images\greenGrass.png;736;576;32;32;1
Assets/Map/Routes/Route1/images\greenGrass.png;832;576;32;32;1
Assets/Map/Routes/Route1/images\greenGrass.png;832;608;32;32;1
Assets/Map/Routes/Route1/images\darkgreenGrass.png;800;576;32;32;1
Assets/Map/Routes/Route1/images\darkgreenGrass.png;832;544;32;32;1
Assets/Map/Routes/Route1/images\darkgreenGrass.png;864;544;32;32;1
Assets/Map/Routes/Route1/images\greenGrass.png;864;576;32;32;1
Assets/Map/Routes/Route1/images\greenGrass.png;864;512;32;32;1
Assets/Map/Routes/Route1/images\darkgreenGrass.png;832;512;32;32;1
Assets/Map/Routes/Route1/images\greenGrass.png;800;512;32;32;1
Assets/Map/Routes/Route1/images\greenGrass.png;768;512;32;32;1
Assets/Map/Routes/Route1/images\greenGrass.png;736;512;32;32;1
Assets/Map/Routes/Route1/images\darkgreenGrass.png;736;544;32;32;1
Assets/Map/Routes/Route1/images\darkgreenGrass.png;704;544;32;32;1
Assets/Map/Routes/Route1/images\greenGrass.png;704;512;32;32;1
Assets/Map/Routes/Route1/images\greenGrass.png;768;480;32;32;1
Assets/Map/Routes/Route1/images\darkgreenGrass.png;800;480;32;32;1
Assets/Map/Routes/Route1/images\darkgreenGrass.png;832;480;32;32;1
Assets/Map/Routes/Route1/images\greenGrass.png;864;480;32;32;1
Assets/Map/Routes/Route1/images\greenGrass.png;768;448;32;32;1
Assets/Map/Routes/Route1/images\darkgreenGrass.png;736;480;32;32;1
Assets/Map/Routes/Route1/images\darkgreenGrass.png;800;448;32;32;1
Assets/Map/Routes/Route1/images\darkgreenGrass.png;864;352;32;32;1
Assets/Map/Routes/Route1/images\darkgreenGrass.png;832;352;32;32;1
Assets/Map/Routes/Route1/images\greenGrass.png;800;352;32;32;1
Assets/Map/Routes/Route1/images\darkgreenGrass.png;800;320;32;32;1
Assets/Map/Routes/Route1/images\darkgreenGrass.png;832;320;32;32;1
Assets/Map/Routes/Route1/images\greenGrass.png;864;320;32;32;1
Assets/Map/Routes/Route1/images\greenGrass.png;768;320;32;32;1
Assets/Map/Routes/Route1/images\darkgreenGrass.png;768;352;32;32;1
Assets/Map/Routes/Route1/images\greenGrass.png;768;288;32;32;1
Assets/Map/Routes/Route1/images\greenGrass.png;736;288;32;32;1
Assets/Map/Routes/Route1/images\darkgreenGrass.png;736;320;32;32;1
Assets/Map/Routes/Route1/images\darkgreenGrass.png;704;352;32;32;1
Assets/Map/Routes/Route1/images\greenGrass.png;704;320;32;32;1
Assets/Map/Routes/Route1/images\greenGrass.png;640;320;32;32;1
Assets/Map/Routes/Route1/images\darkgreenGrass.png;640;352;32;32;1
Assets/Map/Routes/Route1/images\greenGrass.png;672;288;32;32;1
Assets/Map/Routes/Route1/images\greenGrass.png;608;480;32;32;1
Assets/Map/Routes/Route1/images\darkgreenGrass.png;640;512;32;32;1
Assets/Map/Routes/Route1/images\darkgreenGrass.png;576;544;32;32;1
Assets/Map/Routes/Route1/images\greenGrass.png;576;512;32;32;1
Assets/Map/Routes/Route1/images\greenGrass.png;672;544;32;32;1
Assets/Map/Routes/Route1/images\darkgreenGrass.png;640;544;32;32;1
Assets/Map/Routes/Route1/images\darkgreenGrass.png;544;448;32;32;1
Assets/Map/Routes/Route1/images\darkgreenGrass.png;544;480;32;32;1
Assets/Map/Routes/Route1/images\darkgreenGrass.png;672;448;32;32;1
Assets/Map/Routes/Route1/images\greenGrass.png;704;480;32;32;1
Assets/Map/Routes/Route1/images\greenGrass.png;544;512;32;32;1
Assets/Map/Routes/Route1/images\greenGrass.png;480;512;32;32;1
Assets/Map/Routes/Route1/images\greenGrass.png;480;480;32;32;1
Assets/Map/Routes/Route1/images\greenGrass.png;512;448;32;32;1
Assets/Map/Routes/Route1/images\greenGrass.png;512;544;32;32;1
Assets/Map/Routes/Route1/images\darkgreenGrass.png;480;544;32;32;1
Assets/Map/Routes/Route1/images\darkgreenGrass.png;448;544;32;32;1
Assets/Map/Routes/Route1/images\greenGrass.png;416;544;32;32;1
Assets/Map/Routes/Route1/images\greenGrass.png;384;544;32;32;1
Assets/Map/Routes/Route1/images\greenGrass.png;384;512;32;32;1
Assets/Map/Routes/Route1/images\darkgreenGrass.png;416;480;32;32;1
Assets/Map/Routes/Route1/images\darkgreenGrass.png;448;512;32;32;1
Assets/Map/Routes/Route1/images\darkgreenGrass.png;448;480;32;32;1
Assets/Map/Routes/Route1/images\greenGrass.png;480;448;32;32;1
Assets/Map/Routes/Route1/images\greenGrass.png;448;448;32;32;1
