Assets/Map/Viridian city/images\RoadEdge12.png;640;1024;37;37;1
Assets/Map/Viridian city/images\RoadEdge12.png;640;992;37;37;1
Assets/Map/Viridian city/images\RoadEdge12.png;640;960;37;37;1
Assets/Map/Viridian city/images\RoadEdge12.png;640;928;37;37;1
Assets/Map/Viridian city/images\RoadEdge12.png;640;896;37;37;1
Assets/Map/Viridian city/images\RoadEdge12.png;640;896;37;37;1
Assets/Map/Viridian city/images\RoadEdge12.png;640;864;37;37;1
Assets/Map/Viridian city/images\RoadEdge5.png;640;832;37;37;1
Assets/Map/Viridian city/images\RoadEdge6.png;608;832;37;37;1
Assets/Map/Viridian city/images\RoadEdge6.png;576;832;37;37;1
Assets/Map/Viridian city/images\RoadEdge6.png;544;832;37;37;1
Assets/Map/Viridian city/images\RoadEdge6.png;512;832;37;37;1
Assets/Map/Viridian city/images\RoadEdge11.png;480;832;37;37;1
Assets/Map/Viridian city/images\RoadEdge12.png;480;800;37;37;1
Assets/Map/Viridian city/images\RoadEdge12.png;480;768;37;37;1
Assets/Map/Viridian city/images\RoadEdge12.png;480;736;37;37;1
Assets/Map/Viridian city/images\RoadEdge5.png;480;704;37;37;1
Assets/Map/Viridian city/images\RoadEdge6.png;448;704;37;37;1
Assets/Map/Viridian city/images\RoadEdge6.png;416;704;37;37;1
Assets/Map/Viridian city/images\RoadEdge6.png;384;704;37;37;1
Assets/Map/Viridian city/images\RoadEdge6.png;352;704;37;37;1
Assets/Map/Viridian city/images\RoadEdge6.png;320;704;37;37;1
Assets/Map/Viridian city/images\RoadEdge6.png;288;704;37;37;1
Assets/Map/Viridian city/images\RoadEdge6.png;256;704;37;37;1
Assets/Map/Viridian city/images\RoadEdge6.png;192;704;37;37;1
Assets/Map/Viridian city/images\RoadEdge6.png;224;704;37;37;1
Assets/Map/Viridian city/images\RoadEdge6.png;160;704;37;37;1
Assets/Map/Viridian city/images\RoadEdge6.png;128;704;37;37;1
Assets/Map/Viridian city/images\RoadEdge6.png;96;704;37;37;1
Assets/Map/Viridian city/images\StairsVertical.png;32;640;32;96;1
Assets/Map/Viridian city/images\StairsVertical.png;64;640;32;96;1
Assets/Map/Viridian city/images\RoadEdge8.png;768;1024;37;37;1
Assets/Map/Viridian city/images\RoadEdge8.png;768;992;37;37;1
Assets/Map/Viridian city/images\RoadEdge8.png;768;960;37;37;1
Assets/Map/Viridian city/images\RoadEdge8.png;768;928;37;37;1
Assets/Map/Viridian city/images\RoadEdge8.png;768;896;37;37;1
Assets/Map/Viridian city/images\RoadEdge8.png;768;864;37;37;1
Assets/Map/Viridian city/images\RoadEdge8.png;768;832;37;37;1
Assets/Map/Viridian city/images\RoadEdge8.png;768;768;37;37;1
Assets/Map/Viridian city/images\RoadEdge8.png;768;800;37;37;1
Assets/Map/Viridian city/images\RoadEdge8.png;768;736;37;37;1
Assets/Map/Viridian city/images\RoadEdge2.png;96;640;37;37;1
Assets/Map/Viridian city/images\RoadEdge2.png;128;640;37;37;1
Assets/Map/Viridian city/images\RoadEdge2.png;160;640;37;37;1
Assets/Map/Viridian city/images\RoadEdge2.png;192;640;37;37;1
Assets/Map/Viridian city/images\RoadEdge2.png;224;640;37;37;1
Assets/Map/Viridian city/images\RoadEdge2.png;288;640;37;37;1
Assets/Map/Viridian city/images\RoadEdge2.png;256;640;37;37;1
Assets/Map/Viridian city/images\RoadEdge2.png;320;640;37;37;1
Assets/Map/Viridian city/images\RoadEdge2.png;352;640;37;37;1
Assets/Map/Viridian city/images\RoadEdge3.png;384;640;37;37;1
Assets/Map/Viridian city/images\RoadEdge4.png;384;608;37;37;1
Assets/Map/Viridian city/images\RoadEdge4.png;384;576;37;37;1
Assets/Map/Viridian city/images\RoadEdge4.png;384;544;37;37;1
Assets/Map/Viridian city/images\RoadEdge4.png;384;512;37;37;1
Assets/Map/Viridian city/images\RoadEdge1.png;384;480;37;37;1
Assets/Map/Viridian city/images\RoadEdge2.png;416;480;37;37;1
Assets/Map/Viridian city/images\RoadEdge3.png;448;480;37;37;1
Assets/Map/Viridian city/images\RoadEdge4.png;448;448;37;37;1
Assets/Map/Viridian city/images\RoadEdge4.png;448;416;37;37;1
Assets/Map/Viridian city/images\RoadEdge4.png;448;384;37;37;1
Assets/Map/Viridian city/images\RoadEdge4.png;448;352;37;37;1
Assets/Map/Viridian city/images\RoadEdge4.png;448;320;37;37;1
Assets/Map/Viridian city/images\RoadEdge4.png;448;288;37;37;1
Assets/Map/Viridian city/images\RoadEdge4.png;448;256;37;37;1
Assets/Map/Viridian city/images\RoadEdge4.png;448;224;37;37;1
Assets/Map/Viridian city/images\RoadEdge4.png;448;192;37;37;1
Assets/Map/Viridian city/images\RoadEdge8.png;768;704;37;37;1
Assets/Map/Viridian city/images\RoadEdge8.png;768;672;37;37;1
Assets/Map/Viridian city/images\RoadEdge8.png;768;640;37;37;1
Assets/Map/Viridian city/images\RoadEdge14.png;768;608;37;37;1
Assets/Map/Viridian city/images\RoadEdge2.png;736;608;37;37;1
Assets/Map/Viridian city/images\RoadEdge2.png;704;608;37;37;1
Assets/Map/Viridian city/images\RoadEdge2.png;672;608;37;37;1
Assets/Map/Viridian city/images\RoadEdge9.png;640;608;37;37;1
Assets/Map/Viridian city/images\RoadEdge8.png;640;576;37;37;1
Assets/Map/Viridian city/images\RoadEdge8.png;640;544;37;37;1
Assets/Map/Viridian city/images\RoadEdge8.png;640;512;37;37;1
Assets/Map/Viridian city/images\RoadEdge8.png;640;480;37;37;1
Assets/Map/Viridian city/images\RoadEdge14.png;640;480;37;37;1
Assets/Map/Viridian city/images\RoadEdge2.png;608;480;37;37;1
Assets/Map/Viridian city/images\RoadEdge13.png;576;480;37;37;1
Assets/Map/Viridian city/images\RoadEdge8.png;576;448;37;37;1
Assets/Map/Viridian city/images\RoadEdge8.png;576;416;37;37;1
Assets/Map/Viridian city/images\RoadEdge8.png;576;384;37;37;1
Assets/Map/Viridian city/images\RoadEdge8.png;576;352;37;37;1
Assets/Map/Viridian city/images\RoadEdge8.png;576;320;37;37;1
Assets/Map/Viridian city/images\RoadEdge8.png;576;288;37;37;1
Assets/Map/Viridian city/images\RoadEdge8.png;576;256;37;37;1
Assets/Map/Viridian city/images\RoadEdge8.png;576;224;37;37;1
Assets/Map/Viridian city/images\RoadEdge8.png;576;192;37;37;1
Assets/Map/Viridian city/images\Road.png;672;1024;37;37;1
Assets/Map/Viridian city/images\Road.png;704;1024;37;37;1
Assets/Map/Viridian city/images\Road.png;736;1024;37;37;1
Assets/Map/Viridian city/images\Road.png;736;992;37;37;1
Assets/Map/Viridian city/images\Road.png;704;992;37;37;1
Assets/Map/Viridian city/images\Road.png;672;992;37;37;1
Assets/Map/Viridian city/images\Road.png;672;960;37;37;1
Assets/Map/Viridian city/images\Road.png;704;960;37;37;1
Assets/Map/Viridian city/images\Road.png;736;960;37;37;1
Assets/Map/Viridian city/images\Road.png;736;928;37;37;1
Assets/Map/Viridian city/images\Road.png;704;928;37;37;1
Assets/Map/Viridian city/images\Road.png;672;928;37;37;1
Assets/Map/Viridian city/images\Road.png;672;896;37;37;1
Assets/Map/Viridian city/images\Road.png;704;896;37;37;1
Assets/Map/Viridian city/images\Road.png;736;896;37;37;1
Assets/Map/Viridian city/images\Road.png;736;864;37;37;1
Assets/Map/Viridian city/images\Road.png;704;864;37;37;1
Assets/Map/Viridian city/images\Road.png;672;864;37;37;1
Assets/Map/Viridian city/images\Road.png;672;832;37;37;1
Assets/Map/Viridian city/images\Road.png;704;832;37;37;1
Assets/Map/Viridian city/images\Road.png;736;832;37;37;1
Assets/Map/Viridian city/images\Road.png;736;800;37;37;1
Assets/Map/Viridian city/images\Road.png;736;768;37;37;1
Assets/Map/Viridian city/images\Road.png;736;736;37;37;1
Assets/Map/Viridian city/images\Road.png;736;672;37;37;1
Assets/Map/Viridian city/images\Road.png;736;704;37;37;1
Assets/Map/Viridian city/images\Road.png;736;672;37;37;1
Assets/Map/Viridian city/images\Road.png;736;640;37;37;1
Assets/Map/Viridian city/images\Road.png;704;640;37;37;1
Assets/Map/Viridian city/images\Road.png;672;640;37;37;1
Assets/Map/Viridian city/images\Road.png;640;672;37;37;1
Assets/Map/Viridian city/images\Road.png;640;672;37;37;1
Assets/Map/Viridian city/images\Road.png;640;640;37;37;1
Assets/Map/Viridian city/images\Road.png;672;672;37;37;1
Assets/Map/Viridian city/images\Road.png;704;704;37;37;1
Assets/Map/Viridian city/images\Road.png;704;672;37;37;1
Assets/Map/Viridian city/images\Road.png;704;736;37;37;1
Assets/Map/Viridian city/images\Road.png;704;768;37;37;1
Assets/Map/Viridian city/images\Road.png;704;768;37;37;1
Assets/Map/Viridian city/images\Road.png;672;800;37;37;1
Assets/Map/Viridian city/images\Road.png;672;800;37;37;1
Assets/Map/Viridian city/images\Road.png;704;800;37;37;1
Assets/Map/Viridian city/images\Road.png;672;768;37;37;1
Assets/Map/Viridian city/images\Road.png;672;704;37;37;1
Assets/Map/Viridian city/images\Road.png;672;736;37;37;1
Assets/Map/Viridian city/images\Road.png;640;768;37;37;1
Assets/Map/Viridian city/images\Road.png;640;800;37;37;1
Assets/Map/Viridian city/images\Road.png;608;800;37;37;1
Assets/Map/Viridian city/images\Road.png;544;800;37;37;1
Assets/Map/Viridian city/images\Road.png;544;800;37;37;1
Assets/Map/Viridian city/images\Road.png;512;800;37;37;1
Assets/Map/Viridian city/images\Road.png;576;800;37;37;1
Assets/Map/Viridian city/images\Road.png;608;768;37;37;1
Assets/Map/Viridian city/images\Road.png;640;736;37;37;1
Assets/Map/Viridian city/images\Road.png;640;736;37;37;1
Assets/Map/Viridian city/images\Road.png;640;704;37;37;1
Assets/Map/Viridian city/images\Road.png;608;704;37;37;1
Assets/Map/Viridian city/images\Road.png;608;736;37;37;1
Assets/Map/Viridian city/images\Road.png;576;768;37;37;1
Assets/Map/Viridian city/images\Road.png;544;768;37;37;1
Assets/Map/Viridian city/images\Road.png;544;768;37;37;1
Assets/Map/Viridian city/images\Road.png;512;768;37;37;1
Assets/Map/Viridian city/images\Road.png;512;736;37;37;1
Assets/Map/Viridian city/images\Road.png;544;736;37;37;1
Assets/Map/Viridian city/images\Road.png;576;736;37;37;1
Assets/Map/Viridian city/images\Road.png;608;640;37;37;1
Assets/Map/Viridian city/images\Road.png;608;672;37;37;1
Assets/Map/Viridian city/images\Road.png;608;608;37;37;1
Assets/Map/Viridian city/images\Road.png;608;576;37;37;1
Assets/Map/Viridian city/images\Road.png;608;544;37;37;1
Assets/Map/Viridian city/images\Road.png;608;512;37;37;1
Assets/Map/Viridian city/images\Road.png;544;512;37;37;1
Assets/Map/Viridian city/images\Road.png;576;512;37;37;1
Assets/Map/Viridian city/images\Road.png;544;512;37;37;1
Assets/Map/Viridian city/images\Road.png;544;480;37;37;1
Assets/Map/Viridian city/images\Road.png;544;448;37;37;1
Assets/Map/Viridian city/images\Road.png;544;416;37;37;1
Assets/Map/Viridian city/images\Road.png;512;384;37;37;1
Assets/Map/Viridian city/images\Road.png;544;384;37;37;1
Assets/Map/Viridian city/images\Road.png;544;352;37;37;1
Assets/Map/Viridian city/images\Road.png;544;320;37;37;1
Assets/Map/Viridian city/images\Road.png;544;288;37;37;1
Assets/Map/Viridian city/images\Road.png;544;256;37;37;1
Assets/Map/Viridian city/images\Road.png;544;224;37;37;1
Assets/Map/Viridian city/images\Road.png;544;192;37;37;1
Assets/Map/Viridian city/images\Road.png;512;192;37;37;1
Assets/Map/Viridian city/images\Road.png;480;192;37;37;1
Assets/Map/Viridian city/images\Road.png;480;224;37;37;1
Assets/Map/Viridian city/images\Road.png;512;224;37;37;1
Assets/Map/Viridian city/images\Road.png;512;256;37;37;1
Assets/Map/Viridian city/images\Road.png;512;288;37;37;1
Assets/Map/Viridian city/images\Road.png;480;256;37;37;1
Assets/Map/Viridian city/images\Road.png;480;288;37;37;1
Assets/Map/Viridian city/images\Road.png;512;352;37;37;1
Assets/Map/Viridian city/images\Road.png;512;320;37;37;1
Assets/Map/Viridian city/images\Road.png;480;320;37;37;1
Assets/Map/Viridian city/images\Road.png;480;352;37;37;1
Assets/Map/Viridian city/images\Road.png;480;384;37;37;1
Assets/Map/Viridian city/images\Road.png;480;416;37;37;1
Assets/Map/Viridian city/images\Road.png;480;416;37;37;1
Assets/Map/Viridian city/images\Road.png;512;416;37;37;1
Assets/Map/Viridian city/images\Road.png;512;448;37;37;1
Assets/Map/Viridian city/images\Road.png;512;480;37;37;1
Assets/Map/Viridian city/images\Road.png;480;448;37;37;1
Assets/Map/Viridian city/images\Road.png;480;480;37;37;1
Assets/Map/Viridian city/images\Road.png;480;480;37;37;1
Assets/Map/Viridian city/images\Road.png;480;512;37;37;1
Assets/Map/Viridian city/images\Road.png;448;512;37;37;1
Assets/Map/Viridian city/images\Road.png;416;512;37;37;1
Assets/Map/Viridian city/images\Road.png;416;544;37;37;1
Assets/Map/Viridian city/images\Road.png;416;576;37;37;1
Assets/Map/Viridian city/images\Road.png;416;576;37;37;1
Assets/Map/Viridian city/images\Road.png;416;608;37;37;1
Assets/Map/Viridian city/images\Road.png;416;640;37;37;1
Assets/Map/Viridian city/images\Road.png;416;672;37;37;1
Assets/Map/Viridian city/images\Road.png;384;672;37;37;1
Assets/Map/Viridian city/images\Road.png;352;672;37;37;1
Assets/Map/Viridian city/images\Road.png;320;672;37;37;1
Assets/Map/Viridian city/images\Road.png;288;672;37;37;1
Assets/Map/Viridian city/images\Road.png;256;672;37;37;1
Assets/Map/Viridian city/images\Road.png;224;672;37;37;1
Assets/Map/Viridian city/images\Road.png;192;672;37;37;1
Assets/Map/Viridian city/images\Road.png;160;672;37;37;1
Assets/Map/Viridian city/images\Road.png;128;672;37;37;1
Assets/Map/Viridian city/images\Road.png;96;672;37;37;1
Assets/Map/Viridian city/images\Road.png;448;672;37;37;1
Assets/Map/Viridian city/images\Road.png;448;640;37;37;1
Assets/Map/Viridian city/images\Road.png;448;608;37;37;1
Assets/Map/Viridian city/images\Road.png;448;576;37;37;1
Assets/Map/Viridian city/images\Road.png;448;544;37;37;1
Assets/Map/Viridian city/images\Road.png;480;544;37;37;1
Assets/Map/Viridian city/images\Road.png;512;512;37;37;1
Assets/Map/Viridian city/images\Road.png;512;544;37;37;1
Assets/Map/Viridian city/images\Road.png;512;576;37;37;1
Assets/Map/Viridian city/images\Road.png;480;576;37;37;1
Assets/Map/Viridian city/images\Road.png;480;608;37;37;1
Assets/Map/Viridian city/images\Road.png;480;640;37;37;1
Assets/Map/Viridian city/images\Road.png;480;640;37;37;1
Assets/Map/Viridian city/images\Road.png;512;672;37;37;1
Assets/Map/Viridian city/images\Road.png;512;672;37;37;1
Assets/Map/Viridian city/images\Road.png;480;672;37;37;1
Assets/Map/Viridian city/images\Road.png;512;704;37;37;1
Assets/Map/Viridian city/images\Road.png;544;704;37;37;1
Assets/Map/Viridian city/images\Road.png;576;704;37;37;1
Assets/Map/Viridian city/images\Road.png;576;704;37;37;1
Assets/Map/Viridian city/images\Road.png;576;640;37;37;1
Assets/Map/Viridian city/images\Road.png;576;576;37;37;1
Assets/Map/Viridian city/images\Road.png;576;576;37;37;1
Assets/Map/Viridian city/images\Road.png;576;576;37;37;1
Assets/Map/Viridian city/images\Road.png;544;544;37;37;1
Assets/Map/Viridian city/images\Road.png;544;576;37;37;1
Assets/Map/Viridian city/images\Road.png;576;544;37;37;1
Assets/Map/Viridian city/images\Road.png;576;608;37;37;1
Assets/Map/Viridian city/images\Road.png;576;640;37;37;1
Assets/Map/Viridian city/images\Road.png;576;672;37;37;1
Assets/Map/Viridian city/images\Road.png;544;672;37;37;1
Assets/Map/Viridian city/images\Road.png;544;640;37;37;1
Assets/Map/Viridian city/images\Road.png;544;608;37;37;1
Assets/Map/Viridian city/images\Road.png;512;608;37;37;1
Assets/Map/Viridian city/images\Road.png;512;640;37;37;1
Assets/Map/Viridian city/images\RoadEdge7.png;576;160;37;37;1
Assets/Map/Viridian city/images\RoadEdge6.png;608;160;37;37;1
Assets/Map/Viridian city/images\RoadEdge6.png;640;160;37;37;1
Assets/Map/Viridian city/images\RoadEdge15.png;672;160;37;37;1
Assets/Map/Viridian city/images\RoadEdge8.png;672;128;37;37;1
Assets/Map/Viridian city/images\RoadEdge8.png;672;96;37;37;1
Assets/Map/Viridian city/images\RoadEdge4.png;448;160;37;37;1
Assets/Map/Viridian city/images\RoadEdge4.png;448;128;37;37;1
Assets/Map/Viridian city/images\RoadEdge1.png;448;96;37;37;1
Assets/Map/Viridian city/images\RoadEdge2.png;480;96;37;37;1
Assets/Map/Viridian city/images\RoadEdge2.png;512;96;37;37;1
Assets/Map/Viridian city/images\RoadEdge3.png;544;96;37;37;1
Assets/Map/Viridian city/images\Road.png;512;160;37;37;1
Assets/Map/Viridian city/images\Road.png;480;160;37;37;1
Assets/Map/Viridian city/images\Road.png;480;128;37;37;1
Assets/Map/Viridian city/images\Road.png;512;128;37;37;1
Assets/Map/Viridian city/images\Road.png;544;128;37;37;1
Assets/Map/Viridian city/images\Road.png;544;160;37;37;1
Assets/Map/Viridian city/images\Road.png;576;128;37;37;1
Assets/Map/Viridian city/images\Road.png;608;128;37;37;1
Assets/Map/Viridian city/images\Road.png;640;128;37;37;1
Assets/Map/Viridian city/images\Road.png;640;96;37;37;1
Assets/Map/Viridian city/images\Road.png;608;96;37;37;1
Assets/Map/Viridian city/images\Road.png;576;96;37;37;1
Assets/Map/Viridian city/images\RoadEdge12.png;544;64;37;37;1
Assets/Map/Viridian city/images\RoadEdge12.png;544;32;37;37;1
Assets/Map/Viridian city/images\RoadEdge8.png;672;64;37;37;1
Assets/Map/Viridian city/images\RoadEdge8.png;672;32;37;37;1
Assets/Map/Viridian city/images\Road.png;576;64;37;37;1
Assets/Map/Viridian city/images\Road.png;608;64;37;37;1
Assets/Map/Viridian city/images\Road.png;640;64;37;37;1
Assets/Map/Viridian city/images\Road.png;640;32;37;37;1
Assets/Map/Viridian city/images\Road.png;608;32;37;37;1
Assets/Map/Viridian city/images\Road.png;576;32;37;37;1
Assets/Map/Viridian city/images\GroundEdgeLeft.png;864;192;64;51;1
Assets/Map/Viridian city/images\GroundEdgeLeft.png;864;256;64;51;1
Assets/Map/Viridian city/images\GroundEdgeLeft.png;864;224;64;51;1
Assets/Map/Viridian city/images\GroundEdgeLeft.png;864;288;64;51;1
Assets/Map/Viridian city/images\GroundEdgeLeft.png;864;320;64;51;1
Assets/Map/Viridian city/images\GroundEdge1.png;864;352;44;45;1
Assets/Map/Viridian city/images\GroundButtom.png;908;333;51;64;1
Assets/Map/Viridian city/images\GroundMid.png;959;323;55;51;1
Assets/Map/Viridian city/images\GroundMid.png;927;283;55;51;1
Assets/Map/Viridian city/images\GroundMid.png;928;233;55;51;1
Assets/Map/Viridian city/images\GroundMid.png;927;192;55;51;1
Assets/Map/Viridian city/images\GroundMid.png;982;272;55;51;1
Assets/Map/Viridian city/images\GroundMid.png;1013;323;55;51;1
Assets/Map/Viridian city/images\GroundMid.png;1013;272;55;51;1
Assets/Map/Viridian city/images\GroundMid.png;981;222;55;51;1
Assets/Map/Viridian city/images\StairsHorizontal.png;958;365;96;32;1
Assets/Map/Viridian city/images\GroundMid.png;960;192;55;51;1
Assets/Map/Viridian city/images\GroundMid.png;992;192;55;51;1
Assets/Map/Viridian city/images\GroundMid.png;1024;192;55;51;1
Assets/Map/Viridian city/images\GroundMid.png;1056;192;55;51;1
Assets/Map/Viridian city/images\GroundMid.png;1088;192;55;51;1
Assets/Map/Viridian city/images\GroundMid.png;1120;192;55;51;1
Assets/Map/Viridian city/images\GroundMid.png;1120;224;55;51;1
Assets/Map/Viridian city/images\GroundMid.png;1088;224;55;51;1
Assets/Map/Viridian city/images\GroundMid.png;1056;224;55;51;1
Assets/Map/Viridian city/images\GroundMid.png;1056;256;55;51;1
Assets/Map/Viridian city/images\GroundMid.png;1088;288;55;51;1
Assets/Map/Viridian city/images\GroundMid.png;1120;256;55;51;1
Assets/Map/Viridian city/images\GroundMid.png;1088;256;55;51;1
Assets/Map/Viridian city/images\GroundMid.png;1056;288;55;51;1
Assets/Map/Viridian city/images\GroundMid.png;1120;288;55;51;1
Assets/Map/Viridian city/images\GroundMid.png;1056;320;55;51;1
Assets/Map/Viridian city/images\GroundMid.png;1088;320;55;51;1
Assets/Map/Viridian city/images\GroundMid.png;1120;320;55;51;1
Assets/Map/Viridian city/images\GroundButtom.png;1054;332;51;64;1
Assets/Map/Viridian city/images\GroundButtom.png;1105;332;51;64;1
Assets/Map/Viridian city/images\GroundEdge2.png;1156;351;44;45;1
Assets/Map/Viridian city/images\GroundEdge.png;1136;300;64;51;1
Assets/Map/Viridian city/images\GroundEdge.png;1136;249;64;51;1
Assets/Map/Viridian city/images\GroundEdge.png;1136;199;64;51;1
Assets/Map/Viridian city/images\GroundEdge.png;1136;192;64;51;1
Assets/Map/Viridian city/images\GroundMid.png;1012;234;55;51;1
Assets/Map/Viridian city/images\GroundConor1.png;865;154;30;38;1
Assets/Map/Viridian city/images\GroundConor2.png;1170;154;30;38;1
Assets/Map/Viridian city/images\GroundTop1.png;895;154;54;5;1
Assets/Map/Viridian city/images\GroundTop1.png;948;154;54;5;1
Assets/Map/Viridian city/images\GroundTop1.png;1002;154;54;5;1
Assets/Map/Viridian city/images\GroundTop1.png;1055;154;54;5;1
Assets/Map/Viridian city/images\GroundTop1.png;1106;154;54;5;1
Assets/Map/Viridian city/images\GroundTop1.png;1116;154;54;5;1
Assets/Map/Viridian city/images\GroundMid.png;894;159;55;51;1
Assets/Map/Viridian city/images\GroundMid.png;947;158;55;51;1
Assets/Map/Viridian city/images\GroundMid.png;1002;159;55;51;1
Assets/Map/Viridian city/images\GroundMid.png;1056;159;55;51;1
Assets/Map/Viridian city/images\GroundMid.png;1109;159;55;51;1
Assets/Map/Viridian city/images\GroundMid.png;1116;159;55;51;1
Assets/Map/Viridian city/images\Gym.png;932;168;224;126;1
Assets/Map/Viridian city/images\Gym0.png;932;127;224;42;0
Assets/Map/Viridian city/images\GroundEdge.png;64;576;64;51;1
Assets/Map/Viridian city/images\GroundEdge.png;32;576;64;51;1
Assets/Map/Viridian city/images\GroundEdge.png;64;544;64;51;1
Assets/Map/Viridian city/images\GroundEdge.png;32;544;64;51;1
Assets/Map/Viridian city/images\GroundEdge.png;64;512;64;51;1
Assets/Map/Viridian city/images\GroundEdge.png;32;512;64;51;1
Assets/Map/Viridian city/images\GroundEdge.png;64;480;64;51;1
Assets/Map/Viridian city/images\GroundEdge.png;32;480;64;51;1
Assets/Map/Viridian city/images\GroundEdge.png;64;448;64;51;1
Assets/Map/Viridian city/images\GroundEdge.png;32;448;64;51;1
Assets/Map/Viridian city/images\GroundEdge.png;64;416;64;51;1
Assets/Map/Viridian city/images\GroundEdge.png;32;416;64;51;1
Assets/Map/Viridian city/images\GroundEdge.png;64;384;64;51;1
Assets/Map/Viridian city/images\GroundEdge.png;64;320;64;51;1
Assets/Map/Viridian city/images\GroundEdge.png;64;352;64;51;1
Assets/Map/Viridian city/images\GroundEdge.png;64;288;64;51;1
Assets/Map/Viridian city/images\GroundEdge.png;64;256;64;51;1
Assets/Map/Viridian city/images\GroundEdge.png;64;224;64;51;1
Assets/Map/Viridian city/images\GroundEdge.png;64;192;64;51;1
Assets/Map/Viridian city/images\GroundEdge.png;64;160;64;51;1
Assets/Map/Viridian city/images\GroundEdge.png;64;128;64;51;1
Assets/Map/Viridian city/images\GroundEdge.png;64;96;64;51;1
Assets/Map/Viridian city/images\GroundEdge.png;64;64;64;51;1
Assets/Map/Viridian city/images\GroundEdge.png;64;32;64;51;1
Assets/Map/Viridian city/images\GroundEdge.png;32;384;64;51;1
Assets/Map/Viridian city/images\GroundEdge.png;32;352;64;51;1
Assets/Map/Viridian city/images\GroundEdge.png;32;320;64;51;1
Assets/Map/Viridian city/images\GroundEdge.png;32;288;64;51;1
Assets/Map/Viridian city/images\GroundEdge.png;32;256;64;51;1
Assets/Map/Viridian city/images\GroundEdge.png;32;224;64;51;1
Assets/Map/Viridian city/images\GroundEdge.png;32;192;64;51;1
Assets/Map/Viridian city/images\GroundEdge.png;32;160;64;51;1
Assets/Map/Viridian city/images\GroundEdge.png;32;128;64;51;1
Assets/Map/Viridian city/images\GroundEdge.png;32;96;64;51;1
Assets/Map/Viridian city/images\GroundEdge.png;32;64;64;51;1
Assets/Map/Viridian city/images\GroundEdge.png;32;32;64;51;1
Assets/Map/Viridian city/images\GroundEdge.png;64;588;64;51;1
Assets/Map/Viridian city/images\GroundEdge.png;32;588;64;51;1
Assets/Map/Viridian city/images\GroundEdge.png;64;736;64;51;1
Assets/Map/Viridian city/images\GroundEdge.png;32;736;64;51;1
Assets/Map/Viridian city/images\GroundEdge.png;64;768;64;51;1
Assets/Map/Viridian city/images\GroundEdge.png;64;800;64;51;1
Assets/Map/Viridian city/images\GroundEdge.png;64;832;64;51;1
Assets/Map/Viridian city/images\GroundEdge.png;64;864;64;51;1
Assets/Map/Viridian city/images\GroundEdge.png;32;768;64;51;1
Assets/Map/Viridian city/images\GroundEdge.png;32;800;64;51;1
Assets/Map/Viridian city/images\GroundEdge.png;32;832;64;51;1
Assets/Map/Viridian city/images\GroundEdge.png;32;864;64;51;1
Assets/Map/Viridian city/images\GroundEdge.png;64;896;64;51;1
Assets/Map/Viridian city/images\GroundEdge.png;64;928;64;51;1
Assets/Map/Viridian city/images\GroundEdge.png;64;960;64;51;1
Assets/Map/Viridian city/images\GroundEdge.png;64;992;64;51;1
Assets/Map/Viridian city/images\GroundEdge.png;64;1024;64;51;1
Assets/Map/Viridian city/images\GroundEdge.png;32;1024;64;51;1
Assets/Map/Viridian city/images\GroundEdge.png;32;992;64;51;1
Assets/Map/Viridian city/images\GroundEdge.png;32;960;64;51;1
Assets/Map/Viridian city/images\GroundEdge.png;32;928;64;51;1
Assets/Map/Viridian city/images\GroundEdge.png;32;896;64;51;1
Assets/Map/Viridian city/images\GroundEdgeLeft.png;1216;32;64;51;1
Assets/Map/Viridian city/images\GroundEdgeLeft.png;1216;96;64;51;1
Assets/Map/Viridian city/images\GroundEdgeLeft.png;1216;64;64;51;1
Assets/Map/Viridian city/images\GroundEdgeLeft.png;1216;128;64;51;1
Assets/Map/Viridian city/images\GroundEdgeLeft.png;1216;160;64;51;1
Assets/Map/Viridian city/images\GroundEdgeLeft.png;1216;192;64;51;1
Assets/Map/Viridian city/images\GroundEdgeLeft.png;1216;224;64;51;1
Assets/Map/Viridian city/images\GroundEdgeLeft.png;1216;256;64;51;1
Assets/Map/Viridian city/images\GroundEdgeLeft.png;1216;288;64;51;1
Assets/Map/Viridian city/images\GroundEdgeLeft.png;1216;320;64;51;1
Assets/Map/Viridian city/images\GroundEdgeLeft.png;1216;352;64;51;1
Assets/Map/Viridian city/images\GroundEdgeLeft.png;1216;384;64;51;1
Assets/Map/Viridian city/images\GroundEdgeLeft.png;1216;416;64;51;1
Assets/Map/Viridian city/images\GroundEdgeLeft.png;1216;448;64;51;1
Assets/Map/Viridian city/images\GroundEdgeLeft.png;1216;480;64;51;1
Assets/Map/Viridian city/images\GroundEdgeLeft.png;1216;512;64;51;1
Assets/Map/Viridian city/images\GroundEdgeLeft.png;1216;544;64;51;1
Assets/Map/Viridian city/images\GroundEdgeLeft.png;1216;576;64;51;1
Assets/Map/Viridian city/images\GroundEdgeLeft.png;1216;608;64;51;1
Assets/Map/Viridian city/images\GroundEdgeLeft.png;1216;640;64;51;1
Assets/Map/Viridian city/images\GroundEdgeLeft.png;1216;672;64;51;1
Assets/Map/Viridian city/images\GroundEdgeLeft.png;1216;704;64;51;1
Assets/Map/Viridian city/images\GroundEdgeLeft.png;1216;736;64;51;1
Assets/Map/Viridian city/images\GroundEdgeLeft.png;1216;768;64;51;1
Assets/Map/Viridian city/images\GroundEdgeLeft.png;1216;800;64;51;1
Assets/Map/Viridian city/images\GroundEdgeLeft.png;1216;832;64;51;1
Assets/Map/Viridian city/images\GroundEdgeLeft.png;1216;864;64;51;1
Assets/Map/Viridian city/images\GroundEdgeLeft.png;1216;896;64;51;1
Assets/Map/Viridian city/images\GroundEdgeLeft.png;1216;928;64;51;1
Assets/Map/Viridian city/images\GroundEdgeLeft.png;1216;960;64;51;1
Assets/Map/Viridian city/images\GroundEdgeLeft.png;1216;992;64;51;1
Assets/Map/Viridian city/images\GroundEdgeLeft.png;1216;1024;64;51;1
Assets/Map/Viridian city/images\rockUpper0.png;1120;384;62;35;0
Assets/Map/Viridian city/images\rockLower.png;1120;416;60;26;1
Assets/Map/Viridian city/images\tree0.png;1120;416;96;80;0
Assets/Map/Viridian city/images\treeFoot.png;1148;489;41;23;1
Assets/Map/Viridian city/images\tree0.png;873;248;96;80;0
Assets/Map/Viridian city/images\treeFoot.png;901;321;41;23;1
Assets/Map/Viridian city/images\house1Door.png;1031;889;140;44;1
Assets/Map/Viridian city/images\house10.png;1031;765;139;125;0
Assets/Map/Viridian city/images\bushTree0.png;120;1001;79;70;0
Assets/Map/Viridian city/images\pineTree0.png;239;985;110;110;0
Assets/Map/Viridian city/images\pineTree0.png;170;984;110;110;0
Assets/Map/Viridian city/images\pineTree0.png;285;974;110;110;0
Assets/Map/Viridian city/images\tree0.png;362;991;96;80;0
Assets/Map/Viridian city/images\tree0.png;410;1014;96;80;0
Assets/Map/Viridian city/images\pineTree0.png;478;986;110;110;0
Assets/Map/Viridian city/images\pineTree0.png;550;1009;110;110;0
Assets/Map/Viridian city/images\pineTree0.png;777;1006;110;110;0
Assets/Map/Viridian city/images\pineTree0.png;839;984;110;110;0
Assets/Map/Viridian city/images\pineTree0.png;1126;995;110;110;0
Assets/Map/Viridian city/images\pineTree0.png;1060;1006;110;110;0
Assets/Map/Viridian city/images\tree0.png;914;993;96;80;0
Assets/Map/Viridian city/images\tree0.png;990;1011;96;80;0
Assets/Map/Viridian city/images\RoadEdge6.png;96;704;37;37;1
Assets/Map/Viridian city/images\house1Door.png;617;283;140;44;1
Assets/Map/Viridian city/images\house10.png;617;158;139;125;0
Assets/Map/Viridian city/images\RoadEdge12.png;544;0;37;37;1
Assets/Map/Viridian city/images\RoadEdge8.png;672;0;37;37;1
Assets/Map/Viridian city/images\Road.png;576;0;37;37;1
Assets/Map/Viridian city/images\Road.png;608;0;37;37;1
Assets/Map/Viridian city/images\Road.png;640;0;37;37;1
Assets/Map/Viridian city/images\GroundEdge.png;64;0;64;51;1
Assets/Map/Viridian city/images\GroundEdge.png;32;0;64;51;1
Assets/Map/Viridian city/images\GroundEdge.png;0;0;64;51;1
Assets/Map/Viridian city/images\GroundEdge.png;0;32;64;51;1
Assets/Map/Viridian city/images\GroundEdge.png;0;64;64;51;1
Assets/Map/Viridian city/images\GroundEdge.png;0;96;64;51;1
Assets/Map/Viridian city/images\GroundEdge.png;0;128;64;51;1
Assets/Map/Viridian city/images\GroundEdge.png;0;160;64;51;1
Assets/Map/Viridian city/images\GroundEdge.png;0;192;64;51;1
Assets/Map/Viridian city/images\GroundEdge.png;0;224;64;51;1
Assets/Map/Viridian city/images\GroundEdge.png;0;256;64;51;1
Assets/Map/Viridian city/images\GroundEdge.png;0;288;64;51;1
Assets/Map/Viridian city/images\GroundEdge.png;0;320;64;51;1
Assets/Map/Viridian city/images\GroundEdge.png;0;352;64;51;1
Assets/Map/Viridian city/images\GroundEdge.png;0;384;64;51;1
Assets/Map/Viridian city/images\GroundEdge.png;0;416;64;51;1
Assets/Map/Viridian city/images\GroundEdge.png;0;448;64;51;1
Assets/Map/Viridian city/images\GroundEdge.png;0;480;64;51;1
Assets/Map/Viridian city/images\GroundEdge.png;0;512;64;51;1
Assets/Map/Viridian city/images\GroundEdge.png;0;544;64;51;1
Assets/Map/Viridian city/images\GroundEdge.png;0;576;64;51;1
Assets/Map/Viridian city/images\GroundEdge.png;0;588;64;51;1
Assets/Map/Viridian city/images\GroundEdge.png;0;736;64;51;1
Assets/Map/Viridian city/images\GroundEdge.png;0;800;64;51;1
Assets/Map/Viridian city/images\GroundEdge.png;0;768;64;51;1
Assets/Map/Viridian city/images\GroundEdge.png;0;864;64;51;1
Assets/Map/Viridian city/images\GroundEdge.png;0;832;64;51;1
Assets/Map/Viridian city/images\GroundEdge.png;0;896;64;51;1
Assets/Map/Viridian city/images\GroundEdge.png;0;928;64;51;1
Assets/Map/Viridian city/images\GroundEdge.png;0;960;64;51;1
Assets/Map/Viridian city/images\GroundEdge.png;0;992;64;51;1
Assets/Map/Viridian city/images\GroundEdge.png;0;1024;64;51;1
Assets/Map/Viridian city/images\StairsVertical.png;0;640;32;96;1
Assets/Map/Viridian city/images\RoadEdge2.png;64;640;37;37;1
Assets/Map/Viridian city/images\RoadEdge6.png;64;704;37;37;1
Assets/Map/Viridian city/images\Road.png;64;672;37;37;1
Assets/Map/Viridian city/images\pineTree0.png;131;963;110;110;0
Assets/Map/Viridian city/images\pineTree0.png;550;963;110;110;0
Assets/Map/Viridian city/images\pineTree0.png;435;964;110;110;0
Assets/Map/Viridian city/images\pineTree0.png;781;969;110;110;0
Assets/Map/Viridian city/images\pineTree0.png;978;971;110;110;0
Assets/Map/Viridian city/images\pineTree0.png;1047;969;110;110;0
Assets/Map/Viridian city/images\pineTree0.png;1115;957;110;110;0
Assets/Map/Viridian city/images\GroundEdgeLeft.png;1216;0;64;51;1
Assets/Map/Viridian city/images\pineTreeFoot.png;128;32;44;35;1
Assets/Map/Viridian city/images\pineTree0.png;94;-61;110;110;0
Assets/Map/Viridian city/images\pineTreeFoot.png;217;30;44;35;1
Assets/Map/Viridian city/images\pineTree0.png;184;-63;110;110;0
Assets/Map/Viridian city/images\treeFoot.png;316;40;41;23;1
Assets/Map/Viridian city/images\tree0.png;288;-34;96;80;0
Assets/Map/Viridian city/images\treeFoot.png;502;38;41;23;1
Assets/Map/Viridian city/images\tree0.png;475;-36;96;80;0
Assets/Map/Viridian city/images\treeFoot.png;709;38;41;23;1
Assets/Map/Viridian city/images\tree0.png;680;-36;96;80;0
Assets/Map/Viridian city/images\tree0.png;1134;-30;96;80;0
Assets/Map/Viridian city/images\treeFoot.png;1162;44;41;23;1
Assets/Map/Viridian city/images\pineTreeFoot.png;1088;28;44;35;1
Assets/Map/Viridian city/images\pineTree0.png;1055;-63;110;110;0
Assets/Map/Viridian city/images\pineTreeFoot.png;993;30;44;35;1
Assets/Map/Viridian city/images\pineTree0.png;960;-63;110;110;0
Assets/Map/Viridian city/images\pineTreeFoot.png;921;28;44;35;1
Assets/Map/Viridian city/images\pineTree0.png;888;-63;110;110;0
Assets/Map/Viridian city/images\pineTreeFoot.png;825;27;44;35;1
Assets/Map/Viridian city/images\pineTree0.png;792;-66;110;110;0
Assets/Map/Viridian city/images\pineTreeFoot.png;403;29;44;35;1
Assets/Map/Viridian city/images\pineTree0.png;370;-64;110;110;0
Assets/Map/Viridian city/images\pineTree0.png;731;-28;110;110;0
Assets/Map/Viridian city/images\pineTreeFoot.png;764;64;44;35;1
Assets/Map/Viridian city/images\Hospital.png;685;465;168;142;1
Assets/Map/Viridian city/images\Hospital0.png;684;430;169;36;0
Assets/Map/Viridian city/images\Shop.png;174;288;136;98;1
Assets/Map/Viridian city/images\Shop0.png;174;253;136;37;0
