Assets/Map/Pallet Town/images\house10.png;138;187;139;125;0
Assets/Map/Pallet Town/images\house1Door.png;138;312;140;44;1
Assets/Map/Pallet Town/images\oakHouseDoor.png;623;590;225;58;1
Assets/Map/Pallet Town/images\oakHouseRoof0.png;623;456;225;134;0
Assets/Map/Pallet Town/images\house1Door.png;648;282;140;44;1
Assets/Map/Pallet Town/images\house10.png;648;157;139;125;0
Assets/Map/Pallet Town/images\pineTree0.png;-19;-13;110;110;0
Assets/Map/Pallet Town/images\pineTreeFoot.png;14;79;44;35;1
Assets/Map/Pallet Town/images\tree0.png;135;-20;96;80;0
Assets/Map/Pallet Town/images\treeFoot.png;163;53;41;23;1
Assets/Map/Pallet Town/images\pineTree0.png;49;-14;110;110;0
Assets/Map/Pallet Town/images\pineTreeFoot.png;82;78;44;35;1
Assets/Map/Pallet Town/images\tree0.png;108;54;96;80;0
Assets/Map/Pallet Town/images\treeFoot.png;136;127;41;23;1
Assets/Map/Pallet Town/images\tree0.png;4;78;96;80;0
Assets/Map/Pallet Town/images\treeFoot.png;32;151;41;23;1
Assets/Map/Pallet Town/images\pineTree0.png;-23;119;110;110;0
Assets/Map/Pallet Town/images\pineTreeFoot.png;10;210;44;35;1
Assets/Map/Pallet Town/images\rockUpper0.png;33;231;62;35;0
Assets/Map/Pallet Town/images\rockLower.png;34;266;60;26;1
Assets/Map/Pallet Town/images\tree0.png;-23;214;96;80;0
Assets/Map/Pallet Town/images\treeFoot.png;5;287;41;23;1
Assets/Map/Pallet Town/images\pineTree0.png;8;254;110;110;0
Assets/Map/Pallet Town/images\pineTreeFoot.png;41;346;44;35;1
Assets/Map/Pallet Town/images\tree0.png;-28;306;96;80;0
Assets/Map/Pallet Town/images\treeFoot.png;0;379;41;23;1
Assets/Map/Pallet Town/images\tree0.png;33;347;96;80;0
Assets/Map/Pallet Town/images\treeFoot.png;61;421;41;23;1
Assets/Map/Pallet Town/images\pineTree0.png;-25;375;110;110;0
Assets/Map/Pallet Town/images\pineTreeFoot.png;8;467;44;35;1
Assets/Map/Pallet Town/images\pineTreeFoot.png;17;563;44;35;1
Assets/Map/Pallet Town/images\treeFoot.png;74;773;41;23;1
Assets/Map/Pallet Town/images\tree0.png;75;787;96;80;0
Assets/Map/Pallet Town/images\pineTree0.png;66;820;110;110;0
Assets/Map/Pallet Town/images\tree0.png;150;838;96;80;0
Assets/Map/Pallet Town/images\pineTree0.png;245;722;110;110;0
Assets/Map/Pallet Town/images\pineTreeFoot.png;278;815;44;35;1
Assets/Map/Pallet Town/images\tree0.png;208;782;96;80;0
Assets/Map/Pallet Town/images\tree0.png;210;834;96;80;0
Assets/Map/Pallet Town/images\tree0.png;255;831;96;80;0
Assets/Map/Pallet Town/images\rockUpper0.png;154;772;62;35;0
Assets/Map/Pallet Town/images\rockLower.png;155;807;60;26;1
Assets/Map/Pallet Town/images\pineTree0.png;207;-12;110;110;0
Assets/Map/Pallet Town/images\pineTreeFoot.png;240;79;44;35;1
Assets/Map/Pallet Town/images\rockUpper0.png;194;94;62;35;0
Assets/Map/Pallet Town/images\rockLower.png;194;129;60;26;1
Assets/Map/Pallet Town/images\tree0.png;233;64;96;80;0
Assets/Map/Pallet Town/images\treeFoot.png;261;138;41;23;1
Assets/Map/Pallet Town/images\tree0.png;298;-19;96;80;0
Assets/Map/Pallet Town/images\treeFoot.png;326;55;41;23;1
Assets/Map/Pallet Town/images\pineTree0.png;896;-22;110;110;0
Assets/Map/Pallet Town/images\pineTreeFoot.png;929;71;44;35;1
Assets/Map/Pallet Town/images\pineTree0.png;849;-2;110;110;0
Assets/Map/Pallet Town/images\pineTreeFoot.png;882;89;44;35;1
Assets/Map/Pallet Town/images\tree0.png;781;-18;96;80;0
Assets/Map/Pallet Town/images\treeFoot.png;809;56;41;23;1
Assets/Map/Pallet Town/images\tree0.png;792;42;96;80;0
Assets/Map/Pallet Town/images\treeFoot.png;820;115;41;23;1
Assets/Map/Pallet Town/images\pineTree0.png;693;-22;110;110;0
Assets/Map/Pallet Town/images\pineTreeFoot.png;726;71;44;35;1
Assets/Map/Pallet Town/images\rockUpper0.png;744;81;62;35;0
Assets/Map/Pallet Town/images\rockLower.png;745;116;60;26;1
Assets/Map/Pallet Town/images\tree0.png;667;66;96;80;0
Assets/Map/Pallet Town/images\treeFoot.png;695;140;41;23;1
Assets/Map/Pallet Town/images\tree0.png;611;-12;96;80;0
Assets/Map/Pallet Town/images\treeFoot.png;639;62;41;23;1
Assets/Map/Pallet Town/images\tree0.png;908;75;96;80;0
Assets/Map/Pallet Town/images\treeFoot.png;936;148;41;23;1
Assets/Map/Pallet Town/images\pineTree0.png;827;68;110;110;0
Assets/Map/Pallet Town/images\pineTreeFoot.png;860;161;44;35;1
Assets/Map/Pallet Town/images\pineTree0.png;893;114;110;110;0
Assets/Map/Pallet Town/images\pineTreeFoot.png;926;206;44;35;1
Assets/Map/Pallet Town/images\tree0.png;830;164;96;80;0
Assets/Map/Pallet Town/images\treeFoot.png;858;238;41;23;1
Assets/Map/Pallet Town/images\tree0.png;911;205;96;80;0
Assets/Map/Pallet Town/images\treeFoot.png;939;279;41;23;1
Assets/Map/Pallet Town/images\pineTree0.png;842;207;110;110;0
Assets/Map/Pallet Town/images\pineTreeFoot.png;875;300;44;35;1
Assets/Map/Pallet Town/images\tree0.png;908;280;96;80;0
Assets/Map/Pallet Town/images\treeFoot.png;936;353;41;23;1
Assets/Map/Pallet Town/images\rockUpper0.png;858;323;62;35;0
Assets/Map/Pallet Town/images\rockLower.png;860;358;60;26;1
Assets/Map/Pallet Town/images\tree0.png;852;337;96;80;0
Assets/Map/Pallet Town/images\treeFoot.png;880;411;41;23;1
Assets/Map/Pallet Town/images\pineTree0.png;913;348;110;110;0
Assets/Map/Pallet Town/images\pineTreeFoot.png;946;441;44;35;1
Assets/Map/Pallet Town/images\tree0.png;878;418;96;80;0
Assets/Map/Pallet Town/images\treeFoot.png;906;492;41;23;1
Assets/Map/Pallet Town/images\pineTree0.png;925;446;110;110;0
Assets/Map/Pallet Town/images\pineTreeFoot.png;958;539;44;35;1
Assets/Map/Pallet Town/images\tree0.png;887;512;96;80;0
Assets/Map/Pallet Town/images\treeFoot.png;915;586;41;23;1
Assets/Map/Pallet Town/images\pineTree0.png;895;558;110;110;0
Assets/Map/Pallet Town/images\pineTreeFoot.png;928;651;44;35;1
Assets/Map/Pallet Town/images\tree0.png;940;655;96;80;0
Assets/Map/Pallet Town/images\treeFoot.png;968;729;41;23;1
Assets/Map/Pallet Town/images\pineTree0.png;869;667;110;110;0
Assets/Map/Pallet Town/images\pineTreeFoot.png;902;760;44;35;1
Assets/Map/Pallet Town/images\pineTree0.png;926;730;110;110;0
Assets/Map/Pallet Town/images\tree0.png;866;771;96;80;0
Assets/Map/Pallet Town/images\tree0.png;931;808;96;80;0
Assets/Map/Pallet Town/images\pineTree0.png;932;832;110;110;0
Assets/Map/Pallet Town/images\pineTree0.png;863;809;110;110;0
Assets/Map/Pallet Town/images\tree0.png;482;755;96;80;0
Assets/Map/Pallet Town/images\pineTree0.png;478;793;110;110;0
Assets/Map/Pallet Town/images\tree0.png;504;846;96;80;0
Assets/Map/Pallet Town/images\rockLower.png;587;849;60;26;1
Assets/Map/Pallet Town/images\rockUpper0.png;586;815;62;35;0
Assets/Map/Pallet Town/images\darkgreenGrass.png;385;-1;32;32;1
Assets/Map/Pallet Town/images\darkgreenGrass.png;417;0;32;32;1
Assets/Map/Pallet Town/images\greenGrass.png;448;-1;32;32;1
Assets/Map/Pallet Town/images\greenGrass.png;480;-1;32;32;1
Assets/Map/Pallet Town/images\greenGrass.png;512;-1;32;32;1
Assets/Map/Pallet Town/images\greenGrass.png;385;31;32;32;1
Assets/Map/Pallet Town/images\greenGrass.png;415;31;32;32;1
Assets/Map/Pallet Town/images\darkgreenGrass.png;449;32;32;32;1
Assets/Map/Pallet Town/images\darkgreenGrass.png;481;32;32;32;1
Assets/Map/Pallet Town/images\greenGrass.png;513;32;32;32;1
Assets/Map/Pallet Town/images\darkgreenGrass.png;385;64;32;32;1
Assets/Map/Pallet Town/images\greenGrass.png;416;64;32;32;1
Assets/Map/Pallet Town/images\greenGrass.png;449;64;32;32;1
Assets/Map/Pallet Town/images\greenGrass.png;480;64;32;32;1
Assets/Map/Pallet Town/images\darkgreenGrass.png;513;64;32;32;1
Assets/Map/Pallet Town/images\darkgreenGrass.png;544;-1;32;32;1
Assets/Map/Pallet Town/images\greenGrass.png;544;31;32;32;1
Assets/Map/Pallet Town/images\darkgreenGrass.png;545;64;32;32;1
Assets/Map/Pallet Town/images\pineTree0.png;544;-14;110;110;0
Assets/Map/Pallet Town/images\pineTreeFoot.png;577;79;44;35;1
Assets/Map/Pallet Town/images\pineTreeFoot.png;59;705;44;35;1
Assets/Map/Pallet Town/images\treeFoot.png;50;533;41;23;1
Assets/Map/Pallet Town/images\pineTreeFoot.png;68;625;44;35;1
Assets/Map/Pallet Town/images\treeFoot.png;9;661;41;23;1
Assets/Map/Pallet Town/images\pineTree0.png;294;30;110;110;0
Assets/Map/Pallet Town/images\pineTreeFoot.png;327;123;44;35;1
Assets/Map/Pallet Town/images\rockLower.png;799;814;60;26;1
Assets/Map/Pallet Town/images\rockUpper0.png;798;779;62;35;0
Assets/Map/Pallet Town/images\pineTree0.png;785;783;110;110;0
Assets/Map/Pallet Town/images\tree0.png;796;838;96;80;0
Assets/Map/Pallet Town/images\tree0.png;726;841;96;80;0
Assets/Map/Pallet Town/images\pineTree0.png;649;774;110;110;0
Assets/Map/Pallet Town/images\pineTree0.png;646;827;110;110;0
Assets/Map/Pallet Town/images\pineTree0.png;573;849;110;110;0
Assets/Map/Pallet Town/images\tree0.png;567;64;96;80;0
Assets/Map/Pallet Town/images\treeFoot.png;595;138;41;23;1
Assets/Map/Pallet Town/images\bigTreeFoot.png;468;454;98;54;1
Assets/Map/Pallet Town/images\bigTree0.png;424;305;191;150;0
Assets/Map/Pallet Town/images\tree0.png;99;887;96;80;0
Assets/Map/Pallet Town/images\pineTree0.png;159;876;110;110;0
Assets/Map/Pallet Town/images\tree0.png;243;886;96;80;0
Assets/Map/Pallet Town/images\tree0.png;476;894;96;80;0
Assets/Map/Pallet Town/images\pineTree0.png;528;884;110;110;0
Assets/Map/Pallet Town/images\pineTree0.png;585;899;110;110;0
Assets/Map/Pallet Town/images\tree0.png;664;893;96;80;0
Assets/Map/Pallet Town/images\tree0.png;731;878;96;80;0
Assets/Map/Pallet Town/images\pineTree0.png;795;871;110;110;0
Assets/Map/Pallet Town/images\pineTree0.png;909;892;110;110;0
Assets/Map/Pallet Town/images\tree0.png;869;889;96;80;0
Assets/Map/Pallet Town/images\tree0.png;101;914;96;80;0
Assets/Map/Pallet Town/images\tree0.png;243;918;96;80;0
Assets/Map/Pallet Town/images\tree0.png;731;916;96;80;0
Assets/Map/Pallet Town/images\tree0.png;644;913;96;80;0
Assets/Map/Pallet Town/images\tree0.png;800;912;96;80;0
Assets/Map/Pallet Town/images\tree0.png;884;910;96;80;0
Assets/Map/Pallet Town/images\pineTree0.png;47;907;110;110;0
Assets/Map/Pallet Town/images\pineTree0.png;126;934;110;110;0
Assets/Map/Pallet Town/images\tree0.png;194;934;96;80;0
Assets/Map/Pallet Town/images\tree0.png;502;940;96;80;0
Assets/Map/Pallet Town/images\tree0.png;695;936;96;80;0
Assets/Map/Pallet Town/images\tree0.png;783;941;96;80;0
Assets/Map/Pallet Town/images\tree0.png;868;946;96;80;0
Assets/Map/Pallet Town/images\tree0.png;948;948;96;80;0
Assets/Map/Pallet Town/images\pineTree0.png;908;945;110;110;0
Assets/Map/Pallet Town/images\pineTree0.png;729;945;110;110;0
Assets/Map/Pallet Town/images\rockUpper0.png;68;446;62;35;0
Assets/Map/Pallet Town/images\rockLower.png;68;479;60;26;1
Assets/Map/Pallet Town/images\tree0.png;22;459;96;80;0
Assets/Map/Pallet Town/images\pineTree0.png;-16;470;110;110;0
Assets/Map/Pallet Town/images\pineTree0.png;35;532;110;110;0
Assets/Map/Pallet Town/images\tree0.png;-19;589;96;80;0
Assets/Map/Pallet Town/images\pineTree0.png;26;613;110;110;0
Assets/Map/Pallet Town/images\tree0.png;-18;656;96;80;0
Assets/Map/Pallet Town/images\tree0.png;46;699;96;80;0
Assets/Map/Pallet Town/images\treeFoot.png;10;729;41;23;1
Assets/Map/Pallet Town/images\pineTree0.png;-22;703;110;110;0
Assets/Map/Pallet Town/images\pineTree0.png;-21;759;110;110;0
Assets/Map/Pallet Town/images\tree0.png;-15;821;96;80;0
Assets/Map/Pallet Town/images\pineTree0.png;-25;860;110;110;0
Assets/Map/Pallet Town/images\pineTree0.png;-23;916;110;110;0
